PHASE connect 1791188014966
PHASE connected 1791188015024
PHASE paced 1791188016030
PHASE paced_drained 1791188022131
PHASE saturated 1791188022132
PHASE saturated_posted 1791188027136
PHASE saturated_drained 1791188027136
PHASE done 1791188027137
PHASE connect 1791188027145
PHASE connected 1791188027205
PHASE paced 1791188028207
PHASE paced_drained 1791188034315
PHASE saturated 1791188034318
PHASE saturated_posted 1791188039321
PHASE saturated_drained 1791188039321
PHASE done 1791188039322
PHASE connect 1791188039327
PHASE connected 1791188039450
PHASE paced 1791188040456
PHASE paced_drained 1791188046574
PHASE saturated 1791188046578
PHASE saturated_posted 1791188051590
PHASE saturated_drained 1791188051646
PHASE done 1791188051646
PHASE connect 1791188051689
PHASE connected 1791188051796
PHASE paced 1791188052800
PHASE paced_drained 1791188058899
PHASE saturated 1791188058902
PHASE saturated_posted 1791188063915
PHASE saturated_drained 1791188063974
PHASE done 1791188063975
