PHASE connect 1791188212160
PHASE connected 1791188212222
PHASE paced 1791188213225
PHASE paced_drained 1791188219331
PHASE saturated 1791188219333
PHASE saturated_posted 1791188224335
PHASE saturated_drained 1791188224335
PHASE done 1791188224336
PHASE connect 1791188224345
PHASE connected 1791188224407
PHASE paced 1791188225412
PHASE paced_drained 1791188231519
PHASE saturated 1791188231520
PHASE saturated_posted 1791188236524
PHASE saturated_drained 1791188236576
PHASE done 1791188236577
PHASE connect 1791188236583
PHASE connected 1791188236706
PHASE paced 1791188237709
PHASE paced_drained 1791188243815
PHASE saturated 1791188243817
PHASE saturated_posted 1791188248828
PHASE saturated_drained 1791188248880
PHASE done 1791188248880
PHASE connect 1791188248916
PHASE connected 1791188249101
PHASE paced 1791188250106
PHASE paced_drained 1791188256200
PHASE saturated 1791188256201
PHASE saturated_posted 1791188261220
PHASE saturated_drained 1791188261274
PHASE done 1791188261274
