PHASE connect 1791188705852
PHASE connected 1791188705914
PHASE paced 1791188706919
PHASE paced_drained 1791188713074
PHASE saturated 1791188713075
PHASE saturated_posted 1791188718078
PHASE saturated_drained 1791188718078
PHASE done 1791188718079
PHASE connect 1791188718088
PHASE connected 1791188718150
PHASE paced 1791188719157
PHASE paced_drained 1791188725351
PHASE saturated 1791188725352
PHASE saturated_posted 1791188730356
PHASE saturated_drained 1791188730356
PHASE done 1791188730357
PHASE connect 1791188730362
PHASE connected 1791188730495
PHASE paced 1791188731504
PHASE paced_drained 1791188737636
PHASE saturated 1791188737638
PHASE saturated_posted 1791188742642
PHASE saturated_drained 1791188742704
PHASE done 1791188742705
PHASE connect 1791188742751
PHASE connected 1791188742929
PHASE paced 1791188743939
PHASE paced_drained 1791188750084
PHASE saturated 1791188750085
PHASE saturated_posted 1791188755094
PHASE saturated_drained 1791188755150
PHASE done 1791188755151
