PHASE connect 1791188409372
PHASE connected 1791188409440
PHASE paced 1791188410448
PHASE paced_drained 1791188416588
PHASE saturated 1791188416589
PHASE saturated_posted 1791188421592
PHASE saturated_drained 1791188421645
PHASE done 1791188421646
PHASE connect 1791188421654
PHASE connected 1791188421722
PHASE paced 1791188422732
PHASE paced_drained 1791188428882
PHASE saturated 1791188428883
PHASE saturated_posted 1791188433887
PHASE saturated_drained 1791188433941
PHASE done 1791188433941
PHASE connect 1791188433947
PHASE connected 1791188434069
PHASE paced 1791188435073
PHASE paced_drained 1791188441224
PHASE saturated 1791188441225
PHASE saturated_posted 1791188446236
PHASE saturated_drained 1791188446295
PHASE done 1791188446296
PHASE connect 1791188446325
PHASE connected 1791188446435
PHASE paced 1791188447443
PHASE paced_drained 1791188453594
PHASE saturated 1791188453595
PHASE saturated_posted 1791188458610
PHASE saturated_drained 1791188458663
PHASE done 1791188458663
