PHASE connect 1791188607070
PHASE connected 1791188607130
PHASE paced 1791188608137
PHASE paced_drained 1791188614296
PHASE saturated 1791188614298
PHASE saturated_posted 1791188619300
PHASE saturated_drained 1791188619301
PHASE done 1791188619302
PHASE connect 1791188619310
PHASE connected 1791188619370
PHASE paced 1791188620373
PHASE paced_drained 1791188626512
PHASE saturated 1791188626513
PHASE saturated_posted 1791188631516
PHASE saturated_drained 1791188631516
PHASE done 1791188631517
PHASE connect 1791188631522
PHASE connected 1791188631639
PHASE paced 1791188632642
PHASE paced_drained 1791188638799
PHASE saturated 1791188638801
PHASE saturated_posted 1791188643830
PHASE saturated_drained 1791188643883
PHASE done 1791188643884
PHASE connect 1791188643915
PHASE connected 1791188644065
PHASE paced 1791188645067
PHASE paced_drained 1791188651225
PHASE saturated 1791188651226
PHASE saturated_posted 1791188656237
PHASE saturated_drained 1791188656295
PHASE done 1791188656296
