PHASE connect 1791187916311
PHASE connected 1791187916369
PHASE paced 1791187917373
PHASE paced_drained 1791187923477
PHASE saturated 1791187923481
PHASE saturated_posted 1791187928484
PHASE saturated_drained 1791187928485
PHASE done 1791187928486
PHASE connect 1791187928493
PHASE connected 1791187928555
PHASE paced 1791187929558
PHASE paced_drained 1791187935673
PHASE saturated 1791187935674
PHASE saturated_posted 1791187940677
PHASE saturated_drained 1791187940678
PHASE done 1791187940678
PHASE connect 1791187940684
PHASE connected 1791187940847
PHASE paced 1791187941850
PHASE paced_drained 1791187947955
PHASE saturated 1791187947957
PHASE saturated_posted 1791187952984
PHASE saturated_drained 1791187953039
PHASE done 1791187953040
PHASE connect 1791187953073
PHASE connected 1791187953244
PHASE paced 1791187954249
PHASE paced_drained 1791187960352
PHASE saturated 1791187960355
PHASE saturated_posted 1791187965382
PHASE saturated_drained 1791187965434
PHASE done 1791187965435
