PHASE connect 1791188113461
PHASE connected 1791188113530
PHASE paced 1791188114535
PHASE paced_drained 1791188120621
PHASE saturated 1791188120622
PHASE saturated_posted 1791188125624
PHASE saturated_drained 1791188125624
PHASE done 1791188125625
PHASE connect 1791188125634
PHASE connected 1791188125695
PHASE paced 1791188126702
PHASE paced_drained 1791188132823
PHASE saturated 1791188132824
PHASE saturated_posted 1791188137826
PHASE saturated_drained 1791188137880
PHASE done 1791188137881
PHASE connect 1791188137887
PHASE connected 1791188138012
PHASE paced 1791188139015
PHASE paced_drained 1791188145113
PHASE saturated 1791188145115
PHASE saturated_posted 1791188150120
PHASE saturated_drained 1791188150175
PHASE done 1791188150176
PHASE connect 1791188150224
PHASE connected 1791188150394
PHASE paced 1791188151399
PHASE paced_drained 1791188157538
PHASE saturated 1791188157540
PHASE saturated_posted 1791188162548
PHASE saturated_drained 1791188162604
PHASE done 1791188162604
