PHASE connect 1791188508172
PHASE connected 1791188508238
PHASE paced 1791188509244
PHASE paced_drained 1791188515398
PHASE saturated 1791188515402
PHASE saturated_posted 1791188520404
PHASE saturated_drained 1791188520466
PHASE done 1791188520467
PHASE connect 1791188520476
PHASE connected 1791188520534
PHASE paced 1791188521547
PHASE paced_drained 1791188527701
PHASE saturated 1791188527704
PHASE saturated_posted 1791188532707
PHASE saturated_drained 1791188532707
PHASE done 1791188532708
PHASE connect 1791188532713
PHASE connected 1791188532839
PHASE paced 1791188533847
PHASE paced_drained 1791188539990
PHASE saturated 1791188539993
PHASE saturated_posted 1791188545000
PHASE saturated_drained 1791188545061
PHASE done 1791188545062
PHASE connect 1791188545110
PHASE connected 1791188545295
PHASE paced 1791188546299
PHASE paced_drained 1791188552449
PHASE saturated 1791188552451
PHASE saturated_posted 1791188557468
PHASE saturated_drained 1791188557520
PHASE done 1791188557520
