PHASE connect 1791188310766
PHASE connected 1791188310826
PHASE paced 1791188311827
PHASE paced_drained 1791188317928
PHASE saturated 1791188317929
PHASE saturated_posted 1791188322930
PHASE saturated_drained 1791188322930
PHASE done 1791188322931
PHASE connect 1791188322939
PHASE connected 1791188323000
PHASE paced 1791188324004
PHASE paced_drained 1791188330103
PHASE saturated 1791188330105
PHASE saturated_posted 1791188335107
PHASE saturated_drained 1791188335108
PHASE done 1791188335109
PHASE connect 1791188335113
PHASE connected 1791188335249
PHASE paced 1791188336255
PHASE paced_drained 1791188342356
PHASE saturated 1791188342358
PHASE saturated_posted 1791188347367
PHASE saturated_drained 1791188347367
PHASE done 1791188347368
PHASE connect 1791188347418
PHASE connected 1791188347568
PHASE paced 1791188348570
PHASE paced_drained 1791188354697
PHASE saturated 1791188354700
PHASE saturated_posted 1791188359715
PHASE saturated_drained 1791188359772
PHASE done 1791188359773
