PHASE connect 1791178077146
PHASE connected 1791178077204
PHASE paced 1791178078206
PHASE paced_drained 1791178084312
PHASE saturated 1791178084313
PHASE saturated_posted 1791178089315
PHASE saturated_drained 1791178089372
PHASE done 1791178089373
PHASE connect 1791178089381
PHASE connected 1791178089443
PHASE paced 1791178090446
PHASE paced_drained 1791178096524
PHASE saturated 1791178096525
PHASE saturated_posted 1791178101528
PHASE saturated_drained 1791178101529
PHASE done 1791178101529
PHASE connect 1791178101534
PHASE connected 1791178101656
PHASE paced 1791178102663
PHASE paced_drained 1791178108779
PHASE saturated 1791178108781
PHASE saturated_posted 1791178113791
PHASE saturated_drained 1791178113843
PHASE done 1791178113844
PHASE connect 1791178113878
PHASE connected 1791178114027
PHASE paced 1791178115033
PHASE paced_drained 1791178121137
PHASE saturated 1791178121138
PHASE saturated_posted 1791178126154
PHASE saturated_drained 1791178126211
PHASE done 1791178126211
