PHASE connect 1791178274330
PHASE connected 1791178274389
PHASE paced 1791178275394
PHASE paced_drained 1791178281502
PHASE saturated 1791178281503
PHASE saturated_posted 1791178286507
PHASE saturated_drained 1791178286560
PHASE done 1791178286561
PHASE connect 1791178286568
PHASE connected 1791178286630
PHASE paced 1791178287636
PHASE paced_drained 1791178293729
PHASE saturated 1791178293730
PHASE saturated_posted 1791178298732
PHASE saturated_drained 1791178298786
PHASE done 1791178298787
PHASE connect 1791178298792
PHASE connected 1791178298919
PHASE paced 1791178299925
PHASE paced_drained 1791178306052
PHASE saturated 1791178306053
PHASE saturated_posted 1791178311076
PHASE saturated_drained 1791178311129
PHASE done 1791178311130
PHASE connect 1791178311162
PHASE connected 1791178311350
PHASE paced 1791178312356
PHASE paced_drained 1791178318472
PHASE saturated 1791178318473
PHASE saturated_posted 1791178323497
PHASE saturated_drained 1791178323549
PHASE done 1791178323550
