PHASE connect 1791178767423
PHASE connected 1791178767487
PHASE paced 1791178768494
PHASE paced_drained 1791178774608
PHASE saturated 1791178774610
PHASE saturated_posted 1791178779612
PHASE saturated_drained 1791178779614
PHASE done 1791178779615
PHASE connect 1791178779622
PHASE connected 1791178779684
PHASE paced 1791178780691
PHASE paced_drained 1791178786775
PHASE saturated 1791178786775
PHASE saturated_posted 1791178791780
PHASE saturated_drained 1791178791835
PHASE done 1791178791835
PHASE connect 1791178791841
PHASE connected 1791178791958
PHASE paced 1791178792960
PHASE paced_drained 1791178799079
PHASE saturated 1791178799082
PHASE saturated_posted 1791178804090
PHASE saturated_drained 1791178804142
PHASE done 1791178804143
PHASE connect 1791178804180
PHASE connected 1791178804314
PHASE paced 1791178805317
PHASE paced_drained 1791178811412
PHASE saturated 1791178811413
PHASE saturated_posted 1791178816444
PHASE saturated_drained 1791178816445
PHASE done 1791178816445
