PHASE connect 1791177978459
PHASE connected 1791177978516
PHASE paced 1791177979518
PHASE paced_drained 1791177985634
PHASE saturated 1791177985636
PHASE saturated_posted 1791177990639
PHASE saturated_drained 1791177990693
PHASE done 1791177990694
PHASE connect 1791177990702
PHASE connected 1791177990762
PHASE paced 1791177991767
PHASE paced_drained 1791177997859
PHASE saturated 1791177997861
PHASE saturated_posted 1791178002862
PHASE saturated_drained 1791178002914
PHASE done 1791178002915
PHASE connect 1791178002921
PHASE connected 1791178003056
PHASE paced 1791178004062
PHASE paced_drained 1791178010166
PHASE saturated 1791178010168
PHASE saturated_posted 1791178015182
PHASE saturated_drained 1791178015233
PHASE done 1791178015233
PHASE connect 1791178015261
PHASE connected 1791178015426
PHASE paced 1791178016428
PHASE paced_drained 1791178022527
PHASE saturated 1791178022529
PHASE saturated_posted 1791178027556
PHASE saturated_drained 1791178027613
PHASE done 1791178027613
