PHASE connect 1791178668693
PHASE connected 1791178668751
PHASE paced 1791178669758
PHASE paced_drained 1791178675866
PHASE saturated 1791178675867
PHASE saturated_posted 1791178680870
PHASE saturated_drained 1791178680922
PHASE done 1791178680923
PHASE connect 1791178680930
PHASE connected 1791178680994
PHASE paced 1791178682001
PHASE paced_drained 1791178688109
PHASE saturated 1791178688109
PHASE saturated_posted 1791178693112
PHASE saturated_drained 1791178693165
PHASE done 1791178693166
PHASE connect 1791178693175
PHASE connected 1791178693292
PHASE paced 1791178694297
PHASE paced_drained 1791178700397
PHASE saturated 1791178700399
PHASE saturated_posted 1791178705417
PHASE saturated_drained 1791178705468
PHASE done 1791178705468
PHASE connect 1791178705503
PHASE connected 1791178705680
PHASE paced 1791178706686
PHASE paced_drained 1791178712772
PHASE saturated 1791178712774
PHASE saturated_posted 1791178717796
PHASE saturated_drained 1791178717853
PHASE done 1791178717854
