PHASE connect 1791178471702
PHASE connected 1791178471760
PHASE paced 1791178472763
PHASE paced_drained 1791178478854
PHASE saturated 1791178478856
PHASE saturated_posted 1791178483861
PHASE saturated_drained 1791178483861
PHASE done 1791178483862
PHASE connect 1791178483869
PHASE connected 1791178483933
PHASE paced 1791178484940
PHASE paced_drained 1791178491047
PHASE saturated 1791178491048
PHASE saturated_posted 1791178496051
PHASE saturated_drained 1791178496051
PHASE done 1791178496052
PHASE connect 1791178496057
PHASE connected 1791178496179
PHASE paced 1791178497186
PHASE paced_drained 1791178503284
PHASE saturated 1791178503285
PHASE saturated_posted 1791178508331
PHASE saturated_drained 1791178508383
PHASE done 1791178508383
PHASE connect 1791178508415
PHASE connected 1791178508522
PHASE paced 1791178509527
PHASE paced_drained 1791178515621
PHASE saturated 1791178515623
PHASE saturated_posted 1791178520629
PHASE saturated_drained 1791178520682
PHASE done 1791178520682
