PHASE connect 1791178175702
PHASE connected 1791178175771
PHASE paced 1791178176773
PHASE paced_drained 1791178182865
PHASE saturated 1791178182867
PHASE saturated_posted 1791178187869
PHASE saturated_drained 1791178187869
PHASE done 1791178187870
PHASE connect 1791178187879
PHASE connected 1791178187940
PHASE paced 1791178188943
PHASE paced_drained 1791178195034
PHASE saturated 1791178195035
PHASE saturated_posted 1791178200036
PHASE saturated_drained 1791178200036
PHASE done 1791178200037
PHASE connect 1791178200043
PHASE connected 1791178200164
PHASE paced 1791178201166
PHASE paced_drained 1791178207266
PHASE saturated 1791178207268
PHASE saturated_posted 1791178212273
PHASE saturated_drained 1791178212330
PHASE done 1791178212331
PHASE connect 1791178212382
PHASE connected 1791178212561
PHASE paced 1791178213564
PHASE paced_drained 1791178219653
PHASE saturated 1791178219655
PHASE saturated_posted 1791178224666
PHASE saturated_drained 1791178224721
PHASE done 1791178224722
