PHASE connect 1791178570180
PHASE connected 1791178570239
PHASE paced 1791178571245
PHASE paced_drained 1791178577361
PHASE saturated 1791178577363
PHASE saturated_posted 1791178582365
PHASE saturated_drained 1791178582366
PHASE done 1791178582367
PHASE connect 1791178582375
PHASE connected 1791178582438
PHASE paced 1791178583444
PHASE paced_drained 1791178589536
PHASE saturated 1791178589537
PHASE saturated_posted 1791178594539
PHASE saturated_drained 1791178594540
PHASE done 1791178594540
PHASE connect 1791178594545
PHASE connected 1791178594690
PHASE paced 1791178595695
PHASE paced_drained 1791178601795
PHASE saturated 1791178601796
PHASE saturated_posted 1791178606806
PHASE saturated_drained 1791178606807
PHASE done 1791178606807
PHASE connect 1791178606859
PHASE connected 1791178606977
PHASE paced 1791178607984
PHASE paced_drained 1791178614068
PHASE saturated 1791178614069
PHASE saturated_posted 1791178619076
PHASE saturated_drained 1791178619133
PHASE done 1791178619133
