PHASE connect 1791178373042
PHASE connected 1791178373101
PHASE paced 1791178374105
PHASE paced_drained 1791178380217
PHASE saturated 1791178380218
PHASE saturated_posted 1791178385219
PHASE saturated_drained 1791178385219
PHASE done 1791178385220
PHASE connect 1791178385228
PHASE connected 1791178385286
PHASE paced 1791178386291
PHASE paced_drained 1791178392402
PHASE saturated 1791178392403
PHASE saturated_posted 1791178397405
PHASE saturated_drained 1791178397405
PHASE done 1791178397406
PHASE connect 1791178397411
PHASE connected 1791178397547
PHASE paced 1791178398553
PHASE paced_drained 1791178404645
PHASE saturated 1791178404647
PHASE saturated_posted 1791178409656
PHASE saturated_drained 1791178409709
PHASE done 1791178409709
PHASE connect 1791178409763
PHASE connected 1791178409950
PHASE paced 1791178410954
PHASE paced_drained 1791178417063
PHASE saturated 1791178417065
PHASE saturated_posted 1791178422073
PHASE saturated_drained 1791178422124
PHASE done 1791178422125
