PHASE connect 1791186785158
PHASE connected 1791186785217
PHASE paced 1791186786219
PHASE paced_drained 1791186792311
PHASE saturated 1791186792311
PHASE saturated_posted 1791186797315
PHASE saturated_drained 1791186797315
PHASE done 1791186797316
PHASE connect 1791186797323
PHASE connected 1791186797381
PHASE paced 1791186798383
PHASE paced_drained 1791186804486
PHASE saturated 1791186804487
PHASE saturated_posted 1791186809489
PHASE saturated_drained 1791186809545
PHASE done 1791186809546
PHASE connect 1791186809552
PHASE connected 1791186809665
PHASE paced 1791186810665
PHASE paced_drained 1791186816756
PHASE saturated 1791186816758
PHASE saturated_posted 1791186821771
PHASE saturated_drained 1791186821825
PHASE done 1791186821825
PHASE connect 1791186821854
PHASE connected 1791186822005
PHASE paced 1791186823008
PHASE paced_drained 1791186829113
PHASE saturated 1791186829116
PHASE saturated_posted 1791186834139
PHASE saturated_drained 1791186834140
PHASE done 1791186834140
