PHASE connect 1791186982263
PHASE connected 1791186982322
PHASE paced 1791186983324
PHASE paced_drained 1791186989416
PHASE saturated 1791186989418
PHASE saturated_posted 1791186994420
PHASE saturated_drained 1791186994475
PHASE done 1791186994476
PHASE connect 1791186994484
PHASE connected 1791186994548
PHASE paced 1791186995554
PHASE paced_drained 1791187001668
PHASE saturated 1791187001670
PHASE saturated_posted 1791187006675
PHASE saturated_drained 1791187006675
PHASE done 1791187006677
PHASE connect 1791187006682
PHASE connected 1791187006797
PHASE paced 1791187007802
PHASE paced_drained 1791187013906
PHASE saturated 1791187013908
PHASE saturated_posted 1791187018924
PHASE saturated_drained 1791187018976
PHASE done 1791187018977
PHASE connect 1791187019008
PHASE connected 1791187019192
PHASE paced 1791187020193
PHASE paced_drained 1791187026272
PHASE saturated 1791187026274
PHASE saturated_posted 1791187031284
PHASE saturated_drained 1791187031336
PHASE done 1791187031337
