PHASE connect 1791187475491
PHASE connected 1791187475553
PHASE paced 1791187476556
PHASE paced_drained 1791187482643
PHASE saturated 1791187482645
PHASE saturated_posted 1791187487650
PHASE saturated_drained 1791187487651
PHASE done 1791187487651
PHASE connect 1791187487659
PHASE connected 1791187487722
PHASE paced 1791187488726
PHASE paced_drained 1791187494833
PHASE saturated 1791187494835
PHASE saturated_posted 1791187499838
PHASE saturated_drained 1791187499838
PHASE done 1791187499839
PHASE connect 1791187499844
PHASE connected 1791187499959
PHASE paced 1791187500964
PHASE paced_drained 1791187507072
PHASE saturated 1791187507074
PHASE saturated_posted 1791187512097
PHASE saturated_drained 1791187512149
PHASE done 1791187512150
PHASE connect 1791187512187
PHASE connected 1791187512358
PHASE paced 1791187513361
PHASE paced_drained 1791187519456
PHASE saturated 1791187519457
PHASE saturated_posted 1791187524465
PHASE saturated_drained 1791187524522
PHASE done 1791187524522
