PHASE connect 1791187179448
PHASE connected 1791187179508
PHASE paced 1791187180512
PHASE paced_drained 1791187186620
PHASE saturated 1791187186622
PHASE saturated_posted 1791187191628
PHASE saturated_drained 1791187191629
PHASE done 1791187191630
PHASE connect 1791187191636
PHASE connected 1791187191693
PHASE paced 1791187192698
PHASE paced_drained 1791187198811
PHASE saturated 1791187198812
PHASE saturated_posted 1791187203814
PHASE saturated_drained 1791187203814
PHASE done 1791187203815
PHASE connect 1791187203820
PHASE connected 1791187203945
PHASE paced 1791187204949
PHASE paced_drained 1791187211059
PHASE saturated 1791187211059
PHASE saturated_posted 1791187216083
PHASE saturated_drained 1791187216135
PHASE done 1791187216136
PHASE connect 1791187216169
PHASE connected 1791187216340
PHASE paced 1791187217345
PHASE paced_drained 1791187223461
PHASE saturated 1791187223467
PHASE saturated_posted 1791187228485
PHASE saturated_drained 1791187228537
PHASE done 1791187228538
