PHASE connect 1791186686513
PHASE connected 1791186686571
PHASE paced 1791186687572
PHASE paced_drained 1791186693668
PHASE saturated 1791186693669
PHASE saturated_posted 1791186698671
PHASE saturated_drained 1791186698724
PHASE done 1791186698725
PHASE connect 1791186698732
PHASE connected 1791186698789
PHASE paced 1791186699795
PHASE paced_drained 1791186705902
PHASE saturated 1791186705904
PHASE saturated_posted 1791186710910
PHASE saturated_drained 1791186710962
PHASE done 1791186710963
PHASE connect 1791186710968
PHASE connected 1791186711079
PHASE paced 1791186712085
PHASE paced_drained 1791186718189
PHASE saturated 1791186718191
PHASE saturated_posted 1791186723203
PHASE saturated_drained 1791186723259
PHASE done 1791186723260
PHASE connect 1791186723288
PHASE connected 1791186723434
PHASE paced 1791186724439
PHASE paced_drained 1791186730524
PHASE saturated 1791186730525
PHASE saturated_posted 1791186735554
PHASE saturated_drained 1791186735611
PHASE done 1791186735612
