PHASE connect 1791187376655
PHASE connected 1791187376712
PHASE paced 1791187377717
PHASE paced_drained 1791187383823
PHASE saturated 1791187383824
PHASE saturated_posted 1791187388826
PHASE saturated_drained 1791187388879
PHASE done 1791187388879
PHASE connect 1791187388886
PHASE connected 1791187388945
PHASE paced 1791187389946
PHASE paced_drained 1791187396103
PHASE saturated 1791187396104
PHASE saturated_posted 1791187401106
PHASE saturated_drained 1791187401157
PHASE done 1791187401158
PHASE connect 1791187401163
PHASE connected 1791187401294
PHASE paced 1791187402296
PHASE paced_drained 1791187408411
PHASE saturated 1791187408411
PHASE saturated_posted 1791187413518
PHASE saturated_drained 1791187413569
PHASE done 1791187413569
PHASE connect 1791187413600
PHASE connected 1791187413776
PHASE paced 1791187414778
PHASE paced_drained 1791187420867
PHASE saturated 1791187420867
PHASE saturated_posted 1791187425893
PHASE saturated_drained 1791187425945
PHASE done 1791187425946
