PHASE connect 1791186883625
PHASE connected 1791186883684
PHASE paced 1791186884687
PHASE paced_drained 1791186890781
PHASE saturated 1791186890783
PHASE saturated_posted 1791186895785
PHASE saturated_drained 1791186895785
PHASE done 1791186895786
PHASE connect 1791186895794
PHASE connected 1791186895853
PHASE paced 1791186896858
PHASE paced_drained 1791186902967
PHASE saturated 1791186902969
PHASE saturated_posted 1791186907973
PHASE saturated_drained 1791186907973
PHASE done 1791186907974
PHASE connect 1791186907978
PHASE connected 1791186908129
PHASE paced 1791186909133
PHASE paced_drained 1791186915244
PHASE saturated 1791186915244
PHASE saturated_posted 1791186920259
PHASE saturated_drained 1791186920314
PHASE done 1791186920314
PHASE connect 1791186920363
PHASE connected 1791186920556
PHASE paced 1791186921564
PHASE paced_drained 1791186927668
PHASE saturated 1791186927668
PHASE saturated_posted 1791186932676
PHASE saturated_drained 1791186932730
PHASE done 1791186932730
