PHASE connect 1791187278026
PHASE connected 1791187278089
PHASE paced 1791187279096
PHASE paced_drained 1791187285195
PHASE saturated 1791187285197
PHASE saturated_posted 1791187290199
PHASE saturated_drained 1791187290200
PHASE done 1791187290201
PHASE connect 1791187290209
PHASE connected 1791187290270
PHASE paced 1791187291275
PHASE paced_drained 1791187297392
PHASE saturated 1791187297395
PHASE saturated_posted 1791187302398
PHASE saturated_drained 1791187302399
PHASE done 1791187302399
PHASE connect 1791187302404
PHASE connected 1791187302594
PHASE paced 1791187303600
PHASE paced_drained 1791187309713
PHASE saturated 1791187309715
PHASE saturated_posted 1791187314725
PHASE saturated_drained 1791187314780
PHASE done 1791187314781
PHASE connect 1791187314830
PHASE connected 1791187315002
PHASE paced 1791187316006
PHASE paced_drained 1791187322102
PHASE saturated 1791187322105
PHASE saturated_posted 1791187327122
PHASE saturated_drained 1791187327123
PHASE done 1791187327123
