PHASE connect 1791187080826
PHASE connected 1791187080887
PHASE paced 1791187081892
PHASE paced_drained 1791187087995
PHASE saturated 1791187087996
PHASE saturated_posted 1791187092997
PHASE saturated_drained 1791187092998
PHASE done 1791187092999
PHASE connect 1791187093009
PHASE connected 1791187093068
PHASE paced 1791187094070
PHASE paced_drained 1791187100178
PHASE saturated 1791187100179
PHASE saturated_posted 1791187105181
PHASE saturated_drained 1791187105182
PHASE done 1791187105183
PHASE connect 1791187105188
PHASE connected 1791187105311
PHASE paced 1791187106316
PHASE paced_drained 1791187112425
PHASE saturated 1791187112427
PHASE saturated_posted 1791187117438
PHASE saturated_drained 1791187117492
PHASE done 1791187117492
PHASE connect 1791187117541
PHASE connected 1791187117727
PHASE paced 1791187118728
PHASE paced_drained 1791187124839
PHASE saturated 1791187124842
PHASE saturated_posted 1791187129854
PHASE saturated_drained 1791187129906
PHASE done 1791187129907
