PHASE connect 1791258083671
PHASE connected 1791258083733
PHASE paced 1791258084740
PHASE paced_drained 1791258090835
PHASE saturated 1791258090835
PHASE saturated_posted 1791258095838
PHASE saturated_drained 1791258095838
PHASE done 1791258095839
PHASE connect 1791258095848
PHASE connected 1791258095910
PHASE paced 1791258096917
PHASE paced_drained 1791258103015
PHASE saturated 1791258103017
PHASE saturated_posted 1791258108020
PHASE saturated_drained 1791258108021
PHASE done 1791258108021
PHASE connect 1791258108027
PHASE connected 1791258108147
PHASE paced 1791258109153
PHASE paced_drained 1791258115249
PHASE saturated 1791258115251
PHASE saturated_posted 1791258120258
PHASE saturated_drained 1791258120258
PHASE done 1791258120259
PHASE connect 1791258120301
PHASE connected 1791258120491
PHASE paced 1791258121498
PHASE paced_drained 1791258127593
PHASE saturated 1791258127595
PHASE saturated_posted 1791258132608
PHASE saturated_drained 1791258132659
PHASE done 1791258132660
