PHASE connect 1791258280763
PHASE connected 1791258280822
PHASE paced 1791258281826
PHASE paced_drained 1791258287946
PHASE saturated 1791258287948
PHASE saturated_posted 1791258292951
PHASE saturated_drained 1791258292952
PHASE done 1791258292955
PHASE connect 1791258292962
PHASE connected 1791258293020
PHASE paced 1791258294022
PHASE paced_drained 1791258300137
PHASE saturated 1791258300138
PHASE saturated_posted 1791258305131
PHASE saturated_drained 1791258305132
PHASE done 1791258305132
PHASE connect 1791258305138
PHASE connected 1791258305260
PHASE paced 1791258306266
PHASE paced_drained 1791258312378
PHASE saturated 1791258312378
PHASE saturated_posted 1791258317386
PHASE saturated_drained 1791258317386
PHASE done 1791258317387
PHASE connect 1791258317428
PHASE connected 1791258317596
PHASE paced 1791258318599
PHASE paced_drained 1791258324700
PHASE saturated 1791258324702
PHASE saturated_posted 1791258329717
PHASE saturated_drained 1791258329771
PHASE done 1791258329771
