PHASE connect 1791258773757
PHASE connected 1791258773821
PHASE paced 1791258774827
PHASE paced_drained 1791258780912
PHASE saturated 1791258780912
PHASE saturated_posted 1791258785914
PHASE saturated_drained 1791258785966
PHASE done 1791258785968
PHASE connect 1791258785979
PHASE connected 1791258786037
PHASE paced 1791258787039
PHASE paced_drained 1791258793148
PHASE saturated 1791258793150
PHASE saturated_posted 1791258798152
PHASE saturated_drained 1791258798152
PHASE done 1791258798153
PHASE connect 1791258798158
PHASE connected 1791258798287
PHASE paced 1791258799292
PHASE paced_drained 1791258805390
PHASE saturated 1791258805392
PHASE saturated_posted 1791258810398
PHASE saturated_drained 1791258810453
PHASE done 1791258810453
PHASE connect 1791258810493
PHASE connected 1791258810661
PHASE paced 1791258811667
PHASE paced_drained 1791258817775
PHASE saturated 1791258817776
PHASE saturated_posted 1791258822790
PHASE saturated_drained 1791258822846
PHASE done 1791258822847
