PHASE connect 1791258675090
PHASE connected 1791258675148
PHASE paced 1791258676154
PHASE paced_drained 1791258682263
PHASE saturated 1791258682265
PHASE saturated_posted 1791258687267
PHASE saturated_drained 1791258687318
PHASE done 1791258687319
PHASE connect 1791258687327
PHASE connected 1791258687386
PHASE paced 1791258688388
PHASE paced_drained 1791258694490
PHASE saturated 1791258694492
PHASE saturated_posted 1791258699494
PHASE saturated_drained 1791258699547
PHASE done 1791258699548
PHASE connect 1791258699554
PHASE connected 1791258699671
PHASE paced 1791258700676
PHASE paced_drained 1791258706782
PHASE saturated 1791258706783
PHASE saturated_posted 1791258711800
PHASE saturated_drained 1791258711853
PHASE done 1791258711853
PHASE connect 1791258711880
PHASE connected 1791258712055
PHASE paced 1791258713062
PHASE paced_drained 1791258719166
PHASE saturated 1791258719167
PHASE saturated_posted 1791258724178
PHASE saturated_drained 1791258724235
PHASE done 1791258724235
