PHASE connect 1791257985070
PHASE connected 1791257985129
PHASE paced 1791257986131
PHASE paced_drained 1791257992223
PHASE saturated 1791257992224
PHASE saturated_posted 1791257997228
PHASE saturated_drained 1791257997229
PHASE done 1791257997229
PHASE connect 1791257997235
PHASE connected 1791257997294
PHASE paced 1791257998299
PHASE paced_drained 1791258004412
PHASE saturated 1791258004413
PHASE saturated_posted 1791258009419
PHASE saturated_drained 1791258009420
PHASE done 1791258009421
PHASE connect 1791258009425
PHASE connected 1791258009595
PHASE paced 1791258010598
PHASE paced_drained 1791258016698
PHASE saturated 1791258016700
PHASE saturated_posted 1791258021711
PHASE saturated_drained 1791258021764
PHASE done 1791258021765
PHASE connect 1791258021797
PHASE connected 1791258021972
PHASE paced 1791258022977
PHASE paced_drained 1791258029073
PHASE saturated 1791258029074
PHASE saturated_posted 1791258034100
PHASE saturated_drained 1791258034156
PHASE done 1791258034157
