PHASE connect 1791258477793
PHASE connected 1791258477851
PHASE paced 1791258478853
PHASE paced_drained 1791258484962
PHASE saturated 1791258484962
PHASE saturated_posted 1791258489964
PHASE saturated_drained 1791258490021
PHASE done 1791258490022
PHASE connect 1791258490029
PHASE connected 1791258490087
PHASE paced 1791258491089
PHASE paced_drained 1791258497196
PHASE saturated 1791258497198
PHASE saturated_posted 1791258502201
PHASE saturated_drained 1791258502257
PHASE done 1791258502259
PHASE connect 1791258502265
PHASE connected 1791258502387
PHASE paced 1791258503393
PHASE paced_drained 1791258509499
PHASE saturated 1791258509501
PHASE saturated_posted 1791258514522
PHASE saturated_drained 1791258514574
PHASE done 1791258514574
PHASE connect 1791258514604
PHASE connected 1791258514733
PHASE paced 1791258515735
PHASE paced_drained 1791258521830
PHASE saturated 1791258521832
PHASE saturated_posted 1791258526845
PHASE saturated_drained 1791258526897
PHASE done 1791258526897
