PHASE connect 1791258379250
PHASE connected 1791258379309
PHASE paced 1791258380314
PHASE paced_drained 1791258386407
PHASE saturated 1791258386408
PHASE saturated_posted 1791258391410
PHASE saturated_drained 1791258391410
PHASE done 1791258391411
PHASE connect 1791258391419
PHASE connected 1791258391478
PHASE paced 1791258392484
PHASE paced_drained 1791258398584
PHASE saturated 1791258398585
PHASE saturated_posted 1791258403588
PHASE saturated_drained 1791258403588
PHASE done 1791258403589
PHASE connect 1791258403594
PHASE connected 1791258403724
PHASE paced 1791258404730
PHASE paced_drained 1791258410847
PHASE saturated 1791258410848
PHASE saturated_posted 1791258415859
PHASE saturated_drained 1791258415915
PHASE done 1791258415916
PHASE connect 1791258415966
PHASE connected 1791258416062
PHASE paced 1791258417064
PHASE paced_drained 1791258423182
PHASE saturated 1791258423182
PHASE saturated_posted 1791258428192
PHASE saturated_drained 1791258428243
PHASE done 1791258428244
