PHASE connect 1791258182164
PHASE connected 1791258182222
PHASE paced 1791258183226
PHASE paced_drained 1791258189342
PHASE saturated 1791258189343
PHASE saturated_posted 1791258194344
PHASE saturated_drained 1791258194345
PHASE done 1791258194346
PHASE connect 1791258194353
PHASE connected 1791258194411
PHASE paced 1791258195418
PHASE paced_drained 1791258201544
PHASE saturated 1791258201546
PHASE saturated_posted 1791258206548
PHASE saturated_drained 1791258206548
PHASE done 1791258206549
PHASE connect 1791258206554
PHASE connected 1791258206678
PHASE paced 1791258207684
PHASE paced_drained 1791258213797
PHASE saturated 1791258213799
PHASE saturated_posted 1791258218808
PHASE saturated_drained 1791258218862
PHASE done 1791258218862
PHASE connect 1791258218911
PHASE connected 1791258219066
PHASE paced 1791258220068
PHASE paced_drained 1791258226164
PHASE saturated 1791258226166
PHASE saturated_posted 1791258231177
PHASE saturated_drained 1791258231233
PHASE done 1791258231234
