PHASE connect 1791258576389
PHASE connected 1791258576453
PHASE paced 1791258577456
PHASE paced_drained 1791258583563
PHASE saturated 1791258583565
PHASE saturated_posted 1791258588566
PHASE saturated_drained 1791258588619
PHASE done 1791258588621
PHASE connect 1791258588630
PHASE connected 1791258588695
PHASE paced 1791258589698
PHASE paced_drained 1791258595832
PHASE saturated 1791258595833
PHASE saturated_posted 1791258600835
PHASE saturated_drained 1791258600888
PHASE done 1791258600889
PHASE connect 1791258600895
PHASE connected 1791258601014
PHASE paced 1791258602017
PHASE paced_drained 1791258608128
PHASE saturated 1791258608130
PHASE saturated_posted 1791258613135
PHASE saturated_drained 1791258613189
PHASE done 1791258613190
PHASE connect 1791258613239
PHASE connected 1791258613373
PHASE paced 1791258614375
PHASE paced_drained 1791258620473
PHASE saturated 1791258620474
PHASE saturated_posted 1791258625493
PHASE saturated_drained 1791258625545
PHASE done 1791258625546
