PHASE connect 1791189291574
PHASE connected 1791189291634
PHASE paced 1791189292638
PHASE paced_drained 1791189298807
PHASE saturated 1791189298810
PHASE saturated_posted 1791189303814
PHASE saturated_drained 1791189303814
PHASE done 1791189303815
PHASE connect 1791189303824
PHASE connected 1791189303886
PHASE paced 1791189304895
PHASE paced_drained 1791189311032
PHASE saturated 1791189311033
PHASE saturated_posted 1791189316036
PHASE saturated_drained 1791189316036
PHASE done 1791189316037
PHASE connect 1791189316042
PHASE connected 1791189316221
PHASE paced 1791189317227
PHASE paced_drained 1791189323364
PHASE saturated 1791189323366
PHASE saturated_posted 1791189328374
PHASE saturated_drained 1791189328434
PHASE done 1791189328435
PHASE connect 1791189328476
PHASE connected 1791189328679
PHASE paced 1791189329690
PHASE paced_drained 1791189335882
PHASE saturated 1791189335883
PHASE saturated_posted 1791189340893
PHASE saturated_drained 1791189340955
PHASE done 1791189340955
