PHASE connect 1791189489209
PHASE connected 1791189489276
PHASE paced 1791189490285
PHASE paced_drained 1791189496422
PHASE saturated 1791189496423
PHASE saturated_posted 1791189501424
PHASE saturated_drained 1791189501425
PHASE done 1791189501426
PHASE connect 1791189501433
PHASE connected 1791189501492
PHASE paced 1791189502502
PHASE paced_drained 1791189508648
PHASE saturated 1791189508650
PHASE saturated_posted 1791189513652
PHASE saturated_drained 1791189513653
PHASE done 1791189513653
PHASE connect 1791189513658
PHASE connected 1791189513787
PHASE paced 1791189514792
PHASE paced_drained 1791189520950
PHASE saturated 1791189520952
PHASE saturated_posted 1791189525960
PHASE saturated_drained 1791189526021
PHASE done 1791189526021
PHASE connect 1791189526064
PHASE connected 1791189526220
PHASE paced 1791189527223
PHASE paced_drained 1791189533370
PHASE saturated 1791189533372
PHASE saturated_posted 1791189538388
PHASE saturated_drained 1791189538390
PHASE done 1791189538391
