PHASE connect 1791189983155
PHASE connected 1791189983213
PHASE paced 1791189984215
PHASE paced_drained 1791189990374
PHASE saturated 1791189990375
PHASE saturated_posted 1791189995382
PHASE saturated_drained 1791189995437
PHASE done 1791189995438
PHASE connect 1791189995448
PHASE connected 1791189995506
PHASE paced 1791189996514
PHASE paced_drained 1791190002690
PHASE saturated 1791190002691
PHASE saturated_posted 1791190007692
PHASE saturated_drained 1791190007693
PHASE done 1791190007694
PHASE connect 1791190007698
PHASE connected 1791190007830
PHASE paced 1791190008832
PHASE paced_drained 1791190015009
PHASE saturated 1791190015014
PHASE saturated_posted 1791190020023
PHASE saturated_drained 1791190020077
PHASE done 1791190020078
PHASE connect 1791190020122
PHASE connected 1791190020268
PHASE paced 1791190021269
PHASE paced_drained 1791190027424
PHASE saturated 1791190027425
PHASE saturated_posted 1791190032430
PHASE saturated_drained 1791190032482
PHASE done 1791190032483
