PHASE connect 1791189884303
PHASE connected 1791189884364
PHASE paced 1791189885373
PHASE paced_drained 1791189891510
PHASE saturated 1791189891512
PHASE saturated_posted 1791189896514
PHASE saturated_drained 1791189896514
PHASE done 1791189896515
PHASE connect 1791189896523
PHASE connected 1791189896583
PHASE paced 1791189897591
PHASE paced_drained 1791189903732
PHASE saturated 1791189903734
PHASE saturated_posted 1791189908735
PHASE saturated_drained 1791189908789
PHASE done 1791189908790
PHASE connect 1791189908795
PHASE connected 1791189908913
PHASE paced 1791189909924
PHASE paced_drained 1791189916097
PHASE saturated 1791189916099
PHASE saturated_posted 1791189921112
PHASE saturated_drained 1791189921164
PHASE done 1791189921165
PHASE connect 1791189921206
PHASE connected 1791189921401
PHASE paced 1791189922412
PHASE paced_drained 1791189928559
PHASE saturated 1791189928561
PHASE saturated_posted 1791189933574
PHASE saturated_drained 1791189933635
PHASE done 1791189933636
