PHASE connect 1791189192618
PHASE connected 1791189192686
PHASE paced 1791189193695
PHASE paced_drained 1791189199851
PHASE saturated 1791189199852
PHASE saturated_posted 1791189204854
PHASE saturated_drained 1791189204855
PHASE done 1791189204856
PHASE connect 1791189204865
PHASE connected 1791189204934
PHASE paced 1791189205945
PHASE paced_drained 1791189212068
PHASE saturated 1791189212070
PHASE saturated_posted 1791189217074
PHASE saturated_drained 1791189217074
PHASE done 1791189217075
PHASE connect 1791189217080
PHASE connected 1791189217231
PHASE paced 1791189218236
PHASE paced_drained 1791189224471
PHASE saturated 1791189224472
PHASE saturated_posted 1791189229477
PHASE saturated_drained 1791189229534
PHASE done 1791189229535
PHASE connect 1791189229577
PHASE connected 1791189229765
PHASE paced 1791189230771
PHASE paced_drained 1791189236959
PHASE saturated 1791189236961
PHASE saturated_posted 1791189241981
PHASE saturated_drained 1791189242043
PHASE done 1791189242044
