PHASE connect 1791189686582
PHASE connected 1791189686644
PHASE paced 1791189687647
PHASE paced_drained 1791189693798
PHASE saturated 1791189693800
PHASE saturated_posted 1791189698802
PHASE saturated_drained 1791189698855
PHASE done 1791189698856
PHASE connect 1791189698866
PHASE connected 1791189698929
PHASE paced 1791189699939
PHASE paced_drained 1791189706077
PHASE saturated 1791189706079
PHASE saturated_posted 1791189711083
PHASE saturated_drained 1791189711083
PHASE done 1791189711084
PHASE connect 1791189711089
PHASE connected 1791189711204
PHASE paced 1791189712213
PHASE paced_drained 1791189718406
PHASE saturated 1791189718408
PHASE saturated_posted 1791189723415
PHASE saturated_drained 1791189723469
PHASE done 1791189723470
PHASE connect 1791189723512
PHASE connected 1791189723695
PHASE paced 1791189724701
PHASE paced_drained 1791189730832
PHASE saturated 1791189730834
PHASE saturated_posted 1791189735848
PHASE saturated_drained 1791189735910
PHASE done 1791189735910
