PHASE connect 1791189587873
PHASE connected 1791189587940
PHASE paced 1791189588945
PHASE paced_drained 1791189595073
PHASE saturated 1791189595074
PHASE saturated_posted 1791189600076
PHASE saturated_drained 1791189600078
PHASE done 1791189600079
PHASE connect 1791189600088
PHASE connected 1791189600146
PHASE paced 1791189601148
PHASE paced_drained 1791189607322
PHASE saturated 1791189607322
PHASE saturated_posted 1791189612324
PHASE saturated_drained 1791189612325
PHASE done 1791189612325
PHASE connect 1791189612331
PHASE connected 1791189612449
PHASE paced 1791189613451
PHASE paced_drained 1791189619621
PHASE saturated 1791189619623
PHASE saturated_posted 1791189624626
PHASE saturated_drained 1791189624687
PHASE done 1791189624688
PHASE connect 1791189624737
PHASE connected 1791189624862
PHASE paced 1791189625872
PHASE paced_drained 1791189632023
PHASE saturated 1791189632026
PHASE saturated_posted 1791189637046
PHASE saturated_drained 1791189637046
PHASE done 1791189637047
