PHASE connect 1791189785397
PHASE connected 1791189785454
PHASE paced 1791189786465
PHASE paced_drained 1791189792637
PHASE saturated 1791189792639
PHASE saturated_posted 1791189797640
PHASE saturated_drained 1791189797641
PHASE done 1791189797642
PHASE connect 1791189797650
PHASE connected 1791189797713
PHASE paced 1791189798715
PHASE paced_drained 1791189804875
PHASE saturated 1791189804877
PHASE saturated_posted 1791189809879
PHASE saturated_drained 1791189809879
PHASE done 1791189809880
PHASE connect 1791189809885
PHASE connected 1791189810065
PHASE paced 1791189811074
PHASE paced_drained 1791189817249
PHASE saturated 1791189817251
PHASE saturated_posted 1791189822266
PHASE saturated_drained 1791189822319
PHASE done 1791189822320
PHASE connect 1791189822368
PHASE connected 1791189822486
PHASE paced 1791189823488
PHASE paced_drained 1791189829680
PHASE saturated 1791189829682
PHASE saturated_posted 1791189834696
PHASE saturated_drained 1791189834759
PHASE done 1791189834759
