PHASE connect 1791189390458
PHASE connected 1791189390521
PHASE paced 1791189391532
PHASE paced_drained 1791189397668
PHASE saturated 1791189397670
PHASE saturated_posted 1791189402672
PHASE saturated_drained 1791189402672
PHASE done 1791189402673
PHASE connect 1791189402681
PHASE connected 1791189402739
PHASE paced 1791189403743
PHASE paced_drained 1791189409874
PHASE saturated 1791189409877
PHASE saturated_posted 1791189414881
PHASE saturated_drained 1791189414881
PHASE done 1791189414882
PHASE connect 1791189414887
PHASE connected 1791189415026
PHASE paced 1791189416034
PHASE paced_drained 1791189422204
PHASE saturated 1791189422206
PHASE saturated_posted 1791189427218
PHASE saturated_drained 1791189427277
PHASE done 1791189427277
PHASE connect 1791189427325
PHASE connected 1791189427466
PHASE paced 1791189428474
PHASE paced_drained 1791189434600
PHASE saturated 1791189434602
PHASE saturated_posted 1791189439628
PHASE saturated_drained 1791189439679
PHASE done 1791189439679
