PHASE connect 1791253285232
PHASE connected 1791253285294
PHASE paced 1791253286297
PHASE paced_drained 1791253292398
PHASE saturated 1791253292400
PHASE saturated_posted 1791253297402
PHASE saturated_drained 1791253297456
PHASE done 1791253297458
PHASE connect 1791253297467
PHASE connected 1791253297530
PHASE paced 1791253298537
PHASE paced_drained 1791253304656
PHASE saturated 1791253304657
PHASE saturated_posted 1791253309659
PHASE saturated_drained 1791253309661
PHASE done 1791253309662
PHASE connect 1791253309668
PHASE connected 1791253309788
PHASE paced 1791253310790
PHASE paced_drained 1791253316901
PHASE saturated 1791253316902
PHASE saturated_posted 1791253321914
PHASE saturated_drained 1791253321914
PHASE done 1791253321914
PHASE connect 1791253321955
PHASE connected 1791253322074
PHASE paced 1791253323076
PHASE paced_drained 1791253329171
PHASE saturated 1791253329173
PHASE saturated_posted 1791253334185
PHASE saturated_drained 1791253334242
PHASE done 1791253334242
