PHASE connect 1791253482325
PHASE connected 1791253482389
PHASE paced 1791253483394
PHASE paced_drained 1791253489505
PHASE saturated 1791253489506
PHASE saturated_posted 1791253494508
PHASE saturated_drained 1791253494509
PHASE done 1791253494510
PHASE connect 1791253494518
PHASE connected 1791253494577
PHASE paced 1791253495580
PHASE paced_drained 1791253501692
PHASE saturated 1791253501694
PHASE saturated_posted 1791253506696
PHASE saturated_drained 1791253506696
PHASE done 1791253506697
PHASE connect 1791253506702
PHASE connected 1791253506865
PHASE paced 1791253507869
PHASE paced_drained 1791253513965
PHASE saturated 1791253513966
PHASE saturated_posted 1791253518972
PHASE saturated_drained 1791253519029
PHASE done 1791253519030
PHASE connect 1791253519073
PHASE connected 1791253519198
PHASE paced 1791253520200
PHASE paced_drained 1791253526297
PHASE saturated 1791253526298
PHASE saturated_posted 1791253531318
PHASE saturated_drained 1791253531369
PHASE done 1791253531370
