PHASE connect 1791253975157
PHASE connected 1791253975219
PHASE paced 1791253976226
PHASE paced_drained 1791253982312
PHASE saturated 1791253982313
PHASE saturated_posted 1791253987314
PHASE saturated_drained 1791253987371
PHASE done 1791253987372
PHASE connect 1791253987381
PHASE connected 1791253987444
PHASE paced 1791253988449
PHASE paced_drained 1791253994614
PHASE saturated 1791253994615
PHASE saturated_posted 1791253999617
PHASE saturated_drained 1791253999669
PHASE done 1791253999670
PHASE connect 1791253999677
PHASE connected 1791253999780
PHASE paced 1791254000781
PHASE paced_drained 1791254006885
PHASE saturated 1791254006887
PHASE saturated_posted 1791254011898
PHASE saturated_drained 1791254011951
PHASE done 1791254011952
PHASE connect 1791254011992
PHASE connected 1791254012173
PHASE paced 1791254013178
PHASE paced_drained 1791254019289
PHASE saturated 1791254019291
PHASE saturated_posted 1791254024298
PHASE saturated_drained 1791254024350
PHASE done 1791254024350
