PHASE connect 1791253876586
PHASE connected 1791253876649
PHASE paced 1791253877654
PHASE paced_drained 1791253883762
PHASE saturated 1791253883763
PHASE saturated_posted 1791253888765
PHASE saturated_drained 1791253888765
PHASE done 1791253888766
PHASE connect 1791253888774
PHASE connected 1791253888835
PHASE paced 1791253889838
PHASE paced_drained 1791253895958
PHASE saturated 1791253895959
PHASE saturated_posted 1791253900961
PHASE saturated_drained 1791253900962
PHASE done 1791253900963
PHASE connect 1791253900968
PHASE connected 1791253901102
PHASE paced 1791253902109
PHASE paced_drained 1791253908202
PHASE saturated 1791253908203
PHASE saturated_posted 1791253913209
PHASE saturated_drained 1791253913261
PHASE done 1791253913261
PHASE connect 1791253913300
PHASE connected 1791253913480
PHASE paced 1791253914481
PHASE paced_drained 1791253920583
PHASE saturated 1791253920584
PHASE saturated_posted 1791253925613
PHASE saturated_drained 1791253925613
PHASE done 1791253925614
