PHASE connect 1791253186602
PHASE connected 1791253186659
PHASE paced 1791253187666
PHASE paced_drained 1791253193760
PHASE saturated 1791253193761
PHASE saturated_posted 1791253198762
PHASE saturated_drained 1791253198816
PHASE done 1791253198818
PHASE connect 1791253198827
PHASE connected 1791253198884
PHASE paced 1791253199886
PHASE paced_drained 1791253205995
PHASE saturated 1791253205996
PHASE saturated_posted 1791253211000
PHASE saturated_drained 1791253211000
PHASE done 1791253211001
PHASE connect 1791253211006
PHASE connected 1791253211138
PHASE paced 1791253212143
PHASE paced_drained 1791253218233
PHASE saturated 1791253218235
PHASE saturated_posted 1791253223246
PHASE saturated_drained 1791253223298
PHASE done 1791253223299
PHASE connect 1791253223339
PHASE connected 1791253223533
PHASE paced 1791253224535
PHASE paced_drained 1791253230643
PHASE saturated 1791253230645
PHASE saturated_posted 1791253235661
PHASE saturated_drained 1791253235716
PHASE done 1791253235716
