PHASE connect 1791253679461
PHASE connected 1791253679520
PHASE paced 1791253680525
PHASE paced_drained 1791253686609
PHASE saturated 1791253686610
PHASE saturated_posted 1791253691612
PHASE saturated_drained 1791253691612
PHASE done 1791253691613
PHASE connect 1791253691622
PHASE connected 1791253691684
PHASE paced 1791253692690
PHASE paced_drained 1791253698791
PHASE saturated 1791253698791
PHASE saturated_posted 1791253703795
PHASE saturated_drained 1791253703795
PHASE done 1791253703796
PHASE connect 1791253703800
PHASE connected 1791253703947
PHASE paced 1791253704949
PHASE paced_drained 1791253711030
PHASE saturated 1791253711031
PHASE saturated_posted 1791253716043
PHASE saturated_drained 1791253716094
PHASE done 1791253716095
PHASE connect 1791253716136
PHASE connected 1791253716332
PHASE paced 1791253717339
PHASE paced_drained 1791253723436
PHASE saturated 1791253723437
PHASE saturated_posted 1791253728447
PHASE saturated_drained 1791253728501
PHASE done 1791253728501
