PHASE connect 1790994130351
PHASE connected 1790994130409
PHASE paced 1790994131410
PHASE paced_drained 1790994137444
PHASE saturated 1790994137444
PHASE saturated_posted 1790994139449
PHASE saturated_drained 1790994139501
PHASE done 1790994139501
PHASE connect 1790994139505
PHASE connected 1790994139563
PHASE paced 1790994140564
PHASE paced_drained 1790994146599
PHASE saturated 1790994146599
PHASE saturated_posted 1790994148601
PHASE saturated_drained 1790994148652
PHASE done 1790994148652
PHASE connect 1790994148657
PHASE connected 1790994148873
PHASE paced 1790994149875
PHASE paced_drained 1790994155911
PHASE saturated 1790994155911
PHASE saturated_posted 1790994157922
PHASE saturated_drained 1790994157973
PHASE done 1790994157973
PHASE connect 1790994157991
PHASE connected 1790994158205
PHASE paced 1790994159206
PHASE paced_drained 1790994165241
PHASE saturated 1790994165242
PHASE saturated_posted 1790994167246
PHASE saturated_drained 1790994167298
PHASE done 1790994167299
PHASE connect 1790994167310
PHASE connected 1790994170219
PHASE paced 1790994171220
PHASE paced_drained 1790994177253
PHASE saturated 1790994177253
PHASE saturated_posted 1790994179385
PHASE saturated_drained 1790994179385
PHASE done 1790994179386
PHASE connect 1790994179506
PHASE connected 1790994182579
PHASE paced 1790994183580
PHASE paced_drained 1790994189614
PHASE saturated 1790994189614
PHASE saturated_posted 1790994191764
PHASE saturated_drained 1790994191764
PHASE done 1790994191765
