PHASE connect 1791177617985
PHASE connected 1791177618043
PHASE paced 1791177619048
PHASE paced_drained 1791177625131
PHASE saturated 1791177625133
PHASE saturated_posted 1791177630135
PHASE saturated_drained 1791177630191
PHASE done 1791177630192
PHASE connect 1791177630200
PHASE connected 1791177630263
PHASE paced 1791177631268
PHASE paced_drained 1791177637367
PHASE saturated 1791177637369
PHASE saturated_posted 1791177642372
PHASE saturated_drained 1791177642429
PHASE done 1791177642430
PHASE connect 1791177642436
PHASE connected 1791177642548
PHASE paced 1791177643550
PHASE paced_drained 1791177649653
PHASE saturated 1791177649654
PHASE saturated_posted 1791177654686
PHASE saturated_drained 1791177654741
PHASE done 1791177654741
PHASE connect 1791177654778
PHASE connected 1791177654896
PHASE paced 1791177655900
PHASE paced_drained 1791177662005
PHASE saturated 1791177662006
PHASE saturated_posted 1791177667020
PHASE saturated_drained 1791177667076
PHASE done 1791177667076
PHASE connect 1791177667092
PHASE connected 1791177670197
PHASE paced 1791177671198
PHASE paced_drained 1791177677303
PHASE saturated 1791177677303
PHASE saturated_posted 1791177682444
PHASE saturated_drained 1791177682444
PHASE done 1791177682445
PHASE connect 1791177682590
PHASE connected 1791177685719
PHASE paced 1791177686720
PHASE paced_drained 1791177692787
PHASE saturated 1791177692788
PHASE saturated_posted 1791177698083
PHASE saturated_drained 1791177698136
PHASE done 1791177698136
