PHASE connect 1791177487870
PHASE connected 1791177487928
PHASE paced 1791177488933
PHASE paced_drained 1791177495029
PHASE saturated 1791177495031
PHASE saturated_posted 1791177500035
PHASE saturated_drained 1791177500035
PHASE done 1791177500036
PHASE connect 1791177500042
PHASE connected 1791177500100
PHASE paced 1791177501106
PHASE paced_drained 1791177507211
PHASE saturated 1791177507213
PHASE saturated_posted 1791177512216
PHASE saturated_drained 1791177512217
PHASE done 1791177512217
PHASE connect 1791177512223
PHASE connected 1791177512349
PHASE paced 1791177513355
PHASE paced_drained 1791177519458
PHASE saturated 1791177519459
PHASE saturated_posted 1791177524479
PHASE saturated_drained 1791177524534
PHASE done 1791177524534
PHASE connect 1791177524562
PHASE connected 1791177524703
PHASE paced 1791177525706
PHASE paced_drained 1791177531809
PHASE saturated 1791177531810
PHASE saturated_posted 1791177536834
PHASE saturated_drained 1791177536886
PHASE done 1791177536886
PHASE connect 1791177536899
PHASE connected 1791177540161
PHASE paced 1791177541166
PHASE paced_drained 1791177547268
PHASE saturated 1791177547269
PHASE saturated_posted 1791177552403
PHASE saturated_drained 1791177552404
PHASE done 1791177552404
PHASE connect 1791177552546
PHASE connected 1791177555920
PHASE paced 1791177556920
PHASE paced_drained 1791177563008
PHASE saturated 1791177563008
PHASE saturated_posted 1791177568163
PHASE saturated_drained 1791177568163
PHASE done 1791177568163
