PHASE connect 1791177747756
PHASE connected 1791177747820
PHASE paced 1791177748821
PHASE paced_drained 1791177754929
PHASE saturated 1791177754930
PHASE saturated_posted 1791177759932
PHASE saturated_drained 1791177759932
PHASE done 1791177759933
PHASE connect 1791177759941
PHASE connected 1791177760000
PHASE paced 1791177761006
PHASE paced_drained 1791177767112
PHASE saturated 1791177767113
PHASE saturated_posted 1791177772116
PHASE saturated_drained 1791177772116
PHASE done 1791177772117
PHASE connect 1791177772122
PHASE connected 1791177772248
PHASE paced 1791177773252
PHASE paced_drained 1791177779362
PHASE saturated 1791177779362
PHASE saturated_posted 1791177784367
PHASE saturated_drained 1791177784419
PHASE done 1791177784419
PHASE connect 1791177784473
PHASE connected 1791177784589
PHASE paced 1791177785594
PHASE paced_drained 1791177791696
PHASE saturated 1791177791696
PHASE saturated_posted 1791177796704
PHASE saturated_drained 1791177796756
PHASE done 1791177796756
PHASE connect 1791177796770
PHASE connected 1791177797443
PHASE paced 1791177798446
PHASE paced_drained 1791177804554
PHASE saturated 1791177804555
PHASE saturated_posted 1791177809557
PHASE saturated_drained 1791177869576
PHASE done 1791177869578
